// Jest Snapshot v1, https://goo.gl/fbAQLP

exports[`ConfirmationModal should works should render modal properly 1`] = `
<div>
  <button
    data-testid="test-button"
  >
    Open Modal
  </button>
  <div
    class="confirmation-title"
    data-testid="confirmation-modal-title"
  >
    Heads up!
  </div>
  <div
    class="confirmation-descr"
    data-testid="confirmation-modal-description"
  >
    You are missing something important. Are you sure?
  </div>
  <div
    class="cta styled__ActionBarContainer-sc-1gtjo7x-0 VcSfg"
  >
    <button
      class="ActionButton__Button-sc-14we8cp-0 jFJVfP"
      data-testid="confirmation-modal-cancel-button"
    >
      Cancel
    </button>
    <button
      class="modal-confirm ActionButton__Button-sc-14we8cp-0 lnSxYK"
      data-testid="confirmation-modal-confirm-button"
      style="margin-left: 1em;"
    >
      Confirm
    </button>
  </div>
</div>
`;
