// Jest Snapshot v1, https://goo.gl/fbAQLP

exports[`Contact profile last touched component renders 1`] = `
<div
  class="MuiBox-root-2 MuiBox-root-3 makeStyles-wrapper-1"
>
  <span>
    Last Touch was 
    <b>
      just now
    </b>
  </span>
  <span>
    , you wanted to be in touch every 
    <b>
      23123
    </b>
     days.
  </span>
</div>
`;
