// Jest Snapshot v1, https://goo.gl/fbAQLP

exports[`Deal list page header renders the page header 1`] = `
<withRouter(PageHeader)
  isFlat={true}
>
  <PageTitle
    showBackButton={false}
  >
    <Trigger
      className="c-menu-trigger"
      isExpended={true}
      onClick={[Function]}
      style={Object {}}
      tooltip={null}
    />
    <headings__H1 />
  </PageTitle>
  <PageMenu>
    <ExportDeals
      user={Object {}}
    />
    <ActionButton__Button
      appearance="primary"
      brandColor=""
      data-test="create-deal-button"
      disabled={false}
      inverse={false}
      isActive={false}
      isBlock={false}
      onClick={[Function]}
      size="medium"
      style={
        Object {
          "marginLeft": "1rem",
        }
      }
    >
      Create New Deal
    </ActionButton__Button>
  </PageMenu>
</withRouter(PageHeader)>
`;
