// Jest Snapshot v1, https://goo.gl/fbAQLP

exports[`Deal list page header renders the page header 1`] = `
<withRouter(PageHeader)
  isFlat={true}
>
  <PageTitle
    showBackButton={false}
  >
    <Trigger
      className="c-menu-trigger"
      isExpended={true}
      onClick={[Function]}
      style={Object {}}
      tooltip={null}
    />
    <headings__H1 />
  </PageTitle>
  <PageMenu>
    <ExportDeals
      user={Object {}}
    />
    <WithStyles(ForwardRef(Button))
      color="secondary"
      data-test="create-deal-button"
      onClick={[Function]}
      style={
        Object {
          "marginLeft": "1rem",
        }
      }
      variant="contained"
    >
      Create New Deal
    </WithStyles(ForwardRef(Button))>
  </PageMenu>
</withRouter(PageHeader)>
`;
