// Jest Snapshot v1, https://goo.gl/fbAQLP

exports[`Contacts list last touched component renders for contacts with last touch 1`] = `
<div>
  <span
    class="makeStyles-lastTouchLabel-2"
  >
    Last Touch: 
    <b
      class="makeStyles-lastTouchValue-3"
    >
      just now
    </b>
  </span>
</div>
`;

exports[`Contacts list last touched component renders for contacts without last touch 1`] = `
<span
  class="makeStyles-notouch-1"
>
  No Touches
</span>
`;
