// Jest Snapshot v1, https://goo.gl/fbAQLP

exports[`Contacts list last touched component renders for contacts with last touch 1`] = `
<div>
  <span
    class="LastTouchedCell-lastTouchValue-2"
  >
    just now
  </span>
</div>
`;

exports[`Contacts list last touched component renders for contacts without last touch 1`] = `
<span
  class="LastTouchedCell-noTouch-1"
>
  No Touches
</span>
`;
