// Jest Snapshot v1, https://goo.gl/fbAQLP

exports[`MC SocialActions component renders 1`] = `
<Fragment>
  <WithStyles(ForwardRef(Button))
    color="primary"
    key="Instagram"
    onClick={[Function]}
    style={
      Object {
        "marginLeft": "0.5rem",
      }
    }
    variant="contained"
  >
    <i
      className="fa fa-instagram"
      style={
        Object {
          "fontSize": "1.5rem",
          "marginRight": "0.5rem",
        }
      }
    />
    Post to 
    Instagram
  </WithStyles(ForwardRef(Button))>
  <WithStyles(ForwardRef(Button))
    color="primary"
    key="Facebook"
    onClick={[Function]}
    style={
      Object {
        "marginLeft": "0.5rem",
      }
    }
    variant="contained"
  >
    <i
      className="fa fa-facebook-square"
      style={
        Object {
          "fontSize": "1.5rem",
          "marginRight": "0.5rem",
        }
      }
    />
    Post to 
    Facebook
  </WithStyles(ForwardRef(Button))>
  <WithStyles(ForwardRef(Button))
    color="primary"
    key="LinkedIn"
    onClick={[Function]}
    style={
      Object {
        "marginLeft": "0.5rem",
      }
    }
    variant="contained"
  >
    <i
      className="fa fa-linkedin"
      style={
        Object {
          "fontSize": "1.5rem",
          "marginRight": "0.5rem",
        }
      }
    />
    Post to 
    LinkedIn
  </WithStyles(ForwardRef(Button))>
</Fragment>
`;
